../Drivers/CMSIS/Include/core_cm7.h:2156:34:__NVIC_SystemReset	4	static,ignoring_inline_asm
../Core/Src/mini-cli.c:71:6:CLI_Init	8	static
../Core/Src/mini-cli.c:89:6:CLI_Print	16	static
../Core/Src/mini-cli.c:99:6:CLI_Printf	144	static
../Core/Src/mini-cli.c:115:6:CLI_ProcessChar	16	static
../Core/Src/mini-cli.c:190:6:HAL_UART_RxCpltCallback	16	static
../Core/Src/mini-cli.c:201:13:CLI_ProcessCommand	8	static
../Core/Src/mini-cli.c:210:13:CLI_ExecuteCommand	64	static
../Core/Src/mini-cli.c:246:13:CLI_PrintPrompt	8	static
../Core/Src/mini-cli.c:255:13:CLI_AddToHistory	24	static
../Core/Src/mini-cli.c:282:13:CLI_GetHistory	16	static
../Core/Src/mini-cli.c:331:6:cli_cmd_help	24	static
../Core/Src/mini-cli.c:344:6:cli_cmd_led	16	static
../Core/Src/mini-cli.c:376:6:cli_cmd_info	32	static
../Core/Src/mini-cli.c:396:6:cli_cmd_reset	16	static
../Core/Src/mini-cli.c:406:6:cli_cmd_printcellsdata	16	static
../Core/Src/mini-cli.c:417:6:cli_cmd_print_bms_params	16	static
../Core/Src/mini-cli.c:425:6:cli_cmd_print_bms_calc	16	static
../Core/Src/mini-cli.c:433:6:cli_cmd_echo	24	static
../Core/Src/mini-cli.c:445:6:cli_cmd_balancing	16	static
../Core/Src/mini-cli.c:465:6:cli_cmd_isbalanced	24	static
../Core/Src/mini-cli.c:491:6:cli_cmd_sizeofstructs	16	static
../Core/Src/mini-cli.c:496:6:cli_cmd_set_uvpValue	112	static
../Core/Src/mini-cli.c:530:6:cli_cmd_set_ovpValue	112	static
